running egg_info
writing ../../build/follower_controller/follower_controller.egg-info/PKG-INFO
writing dependency_links to ../../build/follower_controller/follower_controller.egg-info/dependency_links.txt
writing entry points to ../../build/follower_controller/follower_controller.egg-info/entry_points.txt
writing requirements to ../../build/follower_controller/follower_controller.egg-info/requires.txt
writing top-level names to ../../build/follower_controller/follower_controller.egg-info/top_level.txt
reading manifest file '../../build/follower_controller/follower_controller.egg-info/SOURCES.txt'
writing manifest file '../../build/follower_controller/follower_controller.egg-info/SOURCES.txt'
running build
running build_py
running install
running install_lib
running install_data
copying launch/multi_robot.launch.py -> /root/robot_ws/install/follower_controller/share/follower_controller/launch
running install_egg_info
removing '/root/robot_ws/install/follower_controller/lib/python3.12/site-packages/follower_controller-0.0.0-py3.12.egg-info' (and everything under it)
Copying ../../build/follower_controller/follower_controller.egg-info to /root/robot_ws/install/follower_controller/lib/python3.12/site-packages/follower_controller-0.0.0-py3.12.egg-info
running install_scripts
Installing follower_node script to /root/robot_ws/install/follower_controller/lib/follower_controller
Installing topic_relay_node script to /root/robot_ws/install/follower_controller/lib/follower_controller
writing list of installed files to '/root/robot_ws/build/follower_controller/install.log'
