[1.637s] Invoking command in '/root/robot_ws/src/follower_controller': PYTHONPATH=/root/robot_ws/build/follower_controller/prefix_override:/usr/lib/python3/dist-packages/colcon_core/task/python/colcon_distutils_commands:/root/robot_ws/install/follower_controller/lib/python3.12/site-packages:${PYTHONPATH} /usr/bin/python3 -W ignore:setup.py install is deprecated -W ignore:easy_install command is deprecated setup.py egg_info --egg-base ../../build/follower_controller build --build-base /root/robot_ws/build/follower_controller/build install --record /root/robot_ws/build/follower_controller/install.log --single-version-externally-managed install_data
[2.029s] running egg_info
[2.052s] writing ../../build/follower_controller/follower_controller.egg-info/PKG-INFO
[2.052s] writing dependency_links to ../../build/follower_controller/follower_controller.egg-info/dependency_links.txt
[2.052s] writing entry points to ../../build/follower_controller/follower_controller.egg-info/entry_points.txt
[2.053s] writing requirements to ../../build/follower_controller/follower_controller.egg-info/requires.txt
[2.053s] writing top-level names to ../../build/follower_controller/follower_controller.egg-info/top_level.txt
[2.111s] reading manifest file '../../build/follower_controller/follower_controller.egg-info/SOURCES.txt'
[2.112s] writing manifest file '../../build/follower_controller/follower_controller.egg-info/SOURCES.txt'
[2.112s] running build
[2.113s] running build_py
[2.113s] copying follower_controller/follower_node.py -> /root/robot_ws/build/follower_controller/build/lib/follower_controller
[2.114s] running install
[2.126s] running install_lib
[2.155s] copying /root/robot_ws/build/follower_controller/build/lib/follower_controller/follower_node.py -> /root/robot_ws/install/follower_controller/lib/python3.12/site-packages/follower_controller
[2.157s] byte-compiling /root/robot_ws/install/follower_controller/lib/python3.12/site-packages/follower_controller/follower_node.py to follower_node.cpython-312.pyc
[2.169s] running install_data
[2.170s] running install_egg_info
[2.207s] removing '/root/robot_ws/install/follower_controller/lib/python3.12/site-packages/follower_controller-0.0.0-py3.12.egg-info' (and everything under it)
[2.208s] Copying ../../build/follower_controller/follower_controller.egg-info to /root/robot_ws/install/follower_controller/lib/python3.12/site-packages/follower_controller-0.0.0-py3.12.egg-info
[2.210s] running install_scripts
[2.469s] Installing cmd_vel_relay_node script to /root/robot_ws/install/follower_controller/lib/follower_controller
[2.469s] Installing follower_node script to /root/robot_ws/install/follower_controller/lib/follower_controller
[2.469s] Installing topic_relay_node script to /root/robot_ws/install/follower_controller/lib/follower_controller
[2.469s] writing list of installed files to '/root/robot_ws/build/follower_controller/install.log'
[2.526s] Invoked command in '/root/robot_ws/src/follower_controller' returned '0': PYTHONPATH=/root/robot_ws/build/follower_controller/prefix_override:/usr/lib/python3/dist-packages/colcon_core/task/python/colcon_distutils_commands:/root/robot_ws/install/follower_controller/lib/python3.12/site-packages:${PYTHONPATH} /usr/bin/python3 -W ignore:setup.py install is deprecated -W ignore:easy_install command is deprecated setup.py egg_info --egg-base ../../build/follower_controller build --build-base /root/robot_ws/build/follower_controller/build install --record /root/robot_ws/build/follower_controller/install.log --single-version-externally-managed install_data
