[1.465s] Invoking command in '/root/robot_ws/src/follower_controller': PYTHONPATH=/root/robot_ws/build/follower_controller/prefix_override:/usr/lib/python3/dist-packages/colcon_core/task/python/colcon_distutils_commands:/root/robot_ws/install/follower_controller/lib/python3.12/site-packages:${PYTHONPATH} /usr/bin/python3 -W ignore:setup.py install is deprecated -W ignore:easy_install command is deprecated setup.py egg_info --egg-base ../../build/follower_controller build --build-base /root/robot_ws/build/follower_controller/build install --record /root/robot_ws/build/follower_controller/install.log --single-version-externally-managed install_data
[1.935s] running egg_info
[1.967s] writing ../../build/follower_controller/follower_controller.egg-info/PKG-INFO
[1.967s] writing dependency_links to ../../build/follower_controller/follower_controller.egg-info/dependency_links.txt
[1.967s] writing entry points to ../../build/follower_controller/follower_controller.egg-info/entry_points.txt
[1.968s] writing requirements to ../../build/follower_controller/follower_controller.egg-info/requires.txt
[1.968s] writing top-level names to ../../build/follower_controller/follower_controller.egg-info/top_level.txt
[2.028s] reading manifest file '../../build/follower_controller/follower_controller.egg-info/SOURCES.txt'
[2.030s] writing manifest file '../../build/follower_controller/follower_controller.egg-info/SOURCES.txt'
[2.030s] running build
[2.031s] running build_py
[2.031s] running install
[2.043s] running install_lib
[2.071s] running install_data
[2.072s] copying launch/original_workflow.launch.py -> /root/robot_ws/install/follower_controller/share/follower_controller/launch
[2.072s] running install_egg_info
[2.101s] removing '/root/robot_ws/install/follower_controller/lib/python3.12/site-packages/follower_controller-0.0.0-py3.12.egg-info' (and everything under it)
[2.102s] Copying ../../build/follower_controller/follower_controller.egg-info to /root/robot_ws/install/follower_controller/lib/python3.12/site-packages/follower_controller-0.0.0-py3.12.egg-info
[2.103s] running install_scripts
[2.293s] Installing cmd_vel_relay_node script to /root/robot_ws/install/follower_controller/lib/follower_controller
[2.293s] Installing follower_node script to /root/robot_ws/install/follower_controller/lib/follower_controller
[2.293s] Installing topic_relay_node script to /root/robot_ws/install/follower_controller/lib/follower_controller
[2.294s] writing list of installed files to '/root/robot_ws/build/follower_controller/install.log'
[2.336s] Invoked command in '/root/robot_ws/src/follower_controller' returned '0': PYTHONPATH=/root/robot_ws/build/follower_controller/prefix_override:/usr/lib/python3/dist-packages/colcon_core/task/python/colcon_distutils_commands:/root/robot_ws/install/follower_controller/lib/python3.12/site-packages:${PYTHONPATH} /usr/bin/python3 -W ignore:setup.py install is deprecated -W ignore:easy_install command is deprecated setup.py egg_info --egg-base ../../build/follower_controller build --build-base /root/robot_ws/build/follower_controller/build install --record /root/robot_ws/build/follower_controller/install.log --single-version-externally-managed install_data
