[1.338s] Invoking command in '/root/robot_ws/src/follower_controller': PYTHONPATH=/root/robot_ws/build/follower_controller/prefix_override:/usr/lib/python3/dist-packages/colcon_core/task/python/colcon_distutils_commands:/root/robot_ws/install/follower_controller/lib/python3.12/site-packages:${PYTHONPATH} /usr/bin/python3 -W ignore:setup.py install is deprecated -W ignore:easy_install command is deprecated setup.py egg_info --egg-base ../../build/follower_controller build --build-base /root/robot_ws/build/follower_controller/build install --record /root/robot_ws/build/follower_controller/install.log --single-version-externally-managed install_data
[1.762s] running egg_info
[1.791s] writing ../../build/follower_controller/follower_controller.egg-info/PKG-INFO
[1.792s] writing dependency_links to ../../build/follower_controller/follower_controller.egg-info/dependency_links.txt
[1.792s] writing entry points to ../../build/follower_controller/follower_controller.egg-info/entry_points.txt
[1.792s] writing requirements to ../../build/follower_controller/follower_controller.egg-info/requires.txt
[1.793s] writing top-level names to ../../build/follower_controller/follower_controller.egg-info/top_level.txt
[1.857s] reading manifest file '../../build/follower_controller/follower_controller.egg-info/SOURCES.txt'
[1.859s] writing manifest file '../../build/follower_controller/follower_controller.egg-info/SOURCES.txt'
[1.859s] running build
[1.859s] running build_py
[1.860s] running install
[1.872s] running install_lib
[1.902s] running install_data
[1.903s] copying launch/real_multi_robot.launch.py -> /root/robot_ws/install/follower_controller/share/follower_controller/launch
[1.903s] running install_egg_info
[1.934s] removing '/root/robot_ws/install/follower_controller/lib/python3.12/site-packages/follower_controller-0.0.0-py3.12.egg-info' (and everything under it)
[1.934s] Copying ../../build/follower_controller/follower_controller.egg-info to /root/robot_ws/install/follower_controller/lib/python3.12/site-packages/follower_controller-0.0.0-py3.12.egg-info
[1.936s] running install_scripts
[2.212s] Installing cmd_vel_relay_node script to /root/robot_ws/install/follower_controller/lib/follower_controller
[2.212s] Installing follower_node script to /root/robot_ws/install/follower_controller/lib/follower_controller
[2.213s] Installing topic_relay_node script to /root/robot_ws/install/follower_controller/lib/follower_controller
[2.214s] writing list of installed files to '/root/robot_ws/build/follower_controller/install.log'
[2.288s] Invoked command in '/root/robot_ws/src/follower_controller' returned '0': PYTHONPATH=/root/robot_ws/build/follower_controller/prefix_override:/usr/lib/python3/dist-packages/colcon_core/task/python/colcon_distutils_commands:/root/robot_ws/install/follower_controller/lib/python3.12/site-packages:${PYTHONPATH} /usr/bin/python3 -W ignore:setup.py install is deprecated -W ignore:easy_install command is deprecated setup.py egg_info --egg-base ../../build/follower_controller build --build-base /root/robot_ws/build/follower_controller/build install --record /root/robot_ws/build/follower_controller/install.log --single-version-externally-managed install_data
