[1.245s] Invoking command in '/root/robot_ws/src/follower_controller': PYTHONPATH=/root/robot_ws/build/follower_controller/prefix_override:/usr/lib/python3/dist-packages/colcon_core/task/python/colcon_distutils_commands:/root/robot_ws/install/follower_controller/lib/python3.12/site-packages:${PYTHONPATH} /usr/bin/python3 -W ignore:setup.py install is deprecated -W ignore:easy_install command is deprecated setup.py egg_info --egg-base ../../build/follower_controller build --build-base /root/robot_ws/build/follower_controller/build install --record /root/robot_ws/build/follower_controller/install.log --single-version-externally-managed install_data
[1.631s] running egg_info
[1.644s] writing ../../build/follower_controller/follower_controller.egg-info/PKG-INFO
[1.644s] writing dependency_links to ../../build/follower_controller/follower_controller.egg-info/dependency_links.txt
[1.645s] writing entry points to ../../build/follower_controller/follower_controller.egg-info/entry_points.txt
[1.645s] writing requirements to ../../build/follower_controller/follower_controller.egg-info/requires.txt
[1.645s] writing top-level names to ../../build/follower_controller/follower_controller.egg-info/top_level.txt
[1.674s] reading manifest file '../../build/follower_controller/follower_controller.egg-info/SOURCES.txt'
[1.676s] writing manifest file '../../build/follower_controller/follower_controller.egg-info/SOURCES.txt'
[1.677s] running build
[1.677s] running build_py
[1.678s] copying follower_controller/follower_node.py -> /root/robot_ws/build/follower_controller/build/lib/follower_controller
[1.678s] running install
[1.691s] running install_lib
[1.706s] copying /root/robot_ws/build/follower_controller/build/lib/follower_controller/follower_node.py -> /root/robot_ws/install/follower_controller/lib/python3.12/site-packages/follower_controller
[1.707s] byte-compiling /root/robot_ws/install/follower_controller/lib/python3.12/site-packages/follower_controller/follower_node.py to follower_node.cpython-312.pyc
[1.717s] running install_data
[1.718s] running install_egg_info
[1.734s] removing '/root/robot_ws/install/follower_controller/lib/python3.12/site-packages/follower_controller-0.0.0-py3.12.egg-info' (and everything under it)
[1.735s] Copying ../../build/follower_controller/follower_controller.egg-info to /root/robot_ws/install/follower_controller/lib/python3.12/site-packages/follower_controller-0.0.0-py3.12.egg-info
[1.736s] running install_scripts
[1.867s] Installing cmd_vel_relay_node script to /root/robot_ws/install/follower_controller/lib/follower_controller
[1.867s] Installing follower_node script to /root/robot_ws/install/follower_controller/lib/follower_controller
[1.868s] Installing topic_relay_node script to /root/robot_ws/install/follower_controller/lib/follower_controller
[1.868s] writing list of installed files to '/root/robot_ws/build/follower_controller/install.log'
[1.926s] Invoked command in '/root/robot_ws/src/follower_controller' returned '0': PYTHONPATH=/root/robot_ws/build/follower_controller/prefix_override:/usr/lib/python3/dist-packages/colcon_core/task/python/colcon_distutils_commands:/root/robot_ws/install/follower_controller/lib/python3.12/site-packages:${PYTHONPATH} /usr/bin/python3 -W ignore:setup.py install is deprecated -W ignore:easy_install command is deprecated setup.py egg_info --egg-base ../../build/follower_controller build --build-base /root/robot_ws/build/follower_controller/build install --record /root/robot_ws/build/follower_controller/install.log --single-version-externally-managed install_data
