[1.235s] Invoking command in '/root/robot_ws/src/follower_controller': PYTHONPATH=/root/robot_ws/build/follower_controller/prefix_override:/usr/lib/python3/dist-packages/colcon_core/task/python/colcon_distutils_commands:/root/robot_ws/install/follower_controller/lib/python3.12/site-packages:${PYTHONPATH} /usr/bin/python3 -W ignore:setup.py install is deprecated -W ignore:easy_install command is deprecated setup.py egg_info --egg-base ../../build/follower_controller build --build-base /root/robot_ws/build/follower_controller/build install --record /root/robot_ws/build/follower_controller/install.log --single-version-externally-managed install_data
[1.752s] running egg_info
[1.752s] creating ../../build/follower_controller/follower_controller.egg-info
[1.771s] writing ../../build/follower_controller/follower_controller.egg-info/PKG-INFO
[1.772s] writing dependency_links to ../../build/follower_controller/follower_controller.egg-info/dependency_links.txt
[1.772s] writing entry points to ../../build/follower_controller/follower_controller.egg-info/entry_points.txt
[1.772s] writing requirements to ../../build/follower_controller/follower_controller.egg-info/requires.txt
[1.772s] writing top-level names to ../../build/follower_controller/follower_controller.egg-info/top_level.txt
[1.773s] writing manifest file '../../build/follower_controller/follower_controller.egg-info/SOURCES.txt'
[1.822s] reading manifest file '../../build/follower_controller/follower_controller.egg-info/SOURCES.txt'
[1.823s] writing manifest file '../../build/follower_controller/follower_controller.egg-info/SOURCES.txt'
[1.824s] running build
[1.824s] running build_py
[1.824s] creating /root/robot_ws/build/follower_controller/build
[1.824s] creating /root/robot_ws/build/follower_controller/build/lib
[1.824s] creating /root/robot_ws/build/follower_controller/build/lib/follower_controller
[1.824s] copying follower_controller/follower_node.py -> /root/robot_ws/build/follower_controller/build/lib/follower_controller
[1.825s] copying follower_controller/__init__.py -> /root/robot_ws/build/follower_controller/build/lib/follower_controller
[1.825s] running install
[1.835s] running install_lib
[1.855s] creating /root/robot_ws/install/follower_controller/lib/python3.12/site-packages/follower_controller
[1.855s] copying /root/robot_ws/build/follower_controller/build/lib/follower_controller/follower_node.py -> /root/robot_ws/install/follower_controller/lib/python3.12/site-packages/follower_controller
[1.855s] copying /root/robot_ws/build/follower_controller/build/lib/follower_controller/__init__.py -> /root/robot_ws/install/follower_controller/lib/python3.12/site-packages/follower_controller
[1.856s] byte-compiling /root/robot_ws/install/follower_controller/lib/python3.12/site-packages/follower_controller/follower_node.py to follower_node.cpython-312.pyc
[1.861s] byte-compiling /root/robot_ws/install/follower_controller/lib/python3.12/site-packages/follower_controller/__init__.py to __init__.cpython-312.pyc
[1.862s] running install_data
[1.862s] creating /root/robot_ws/install/follower_controller/share/ament_index
[1.862s] creating /root/robot_ws/install/follower_controller/share/ament_index/resource_index
[1.862s] creating /root/robot_ws/install/follower_controller/share/ament_index/resource_index/packages
[1.862s] copying resource/follower_controller -> /root/robot_ws/install/follower_controller/share/ament_index/resource_index/packages
[1.863s] copying package.xml -> /root/robot_ws/install/follower_controller/share/follower_controller
[1.863s] running install_egg_info
[1.886s] Copying ../../build/follower_controller/follower_controller.egg-info to /root/robot_ws/install/follower_controller/lib/python3.12/site-packages/follower_controller-0.0.0-py3.12.egg-info
[1.886s] running install_scripts
[2.051s] Installing follower_node script to /root/robot_ws/install/follower_controller/lib/follower_controller
[2.051s] writing list of installed files to '/root/robot_ws/build/follower_controller/install.log'
[2.101s] Invoked command in '/root/robot_ws/src/follower_controller' returned '0': PYTHONPATH=/root/robot_ws/build/follower_controller/prefix_override:/usr/lib/python3/dist-packages/colcon_core/task/python/colcon_distutils_commands:/root/robot_ws/install/follower_controller/lib/python3.12/site-packages:${PYTHONPATH} /usr/bin/python3 -W ignore:setup.py install is deprecated -W ignore:easy_install command is deprecated setup.py egg_info --egg-base ../../build/follower_controller build --build-base /root/robot_ws/build/follower_controller/build install --record /root/robot_ws/build/follower_controller/install.log --single-version-externally-managed install_data
