[0.255s] DEBUG:colcon:Command line arguments: ['/usr/bin/colcon', 'build', '--packages-select', 'follower_controller']
[0.256s] DEBUG:colcon:Parsed command line arguments: Namespace(log_base=None, log_level=None, verb_name='build', build_base='build', install_base='install', merge_install=False, symlink_install=False, test_result_base=None, continue_on_error=False, executor='parallel', parallel_workers=16, event_handlers=None, ignore_user_meta=False, metas=['./colcon.meta'], base_paths=['.'], packages_ignore=None, packages_ignore_regex=None, paths=None, packages_up_to=None, packages_up_to_regex=None, packages_above=None, packages_above_and_dependencies=None, packages_above_depth=None, packages_select_by_dep=None, packages_skip_by_dep=None, packages_skip_up_to=None, packages_select_build_failed=False, packages_skip_build_finished=False, packages_select_test_failures=False, packages_skip_test_passed=False, packages_select=['follower_controller'], packages_skip=None, packages_select_regex=None, packages_skip_regex=None, packages_start=None, packages_end=None, allow_overriding=[], cmake_args=None, cmake_target=None, cmake_target_skip_unavailable=False, cmake_clean_cache=False, cmake_clean_first=False, cmake_force_configure=False, ament_cmake_args=None, catkin_cmake_args=None, catkin_skip_building_tests=False, verb_parser=<colcon_defaults.argument_parser.defaults.DefaultArgumentsDecorator object at 0x783b23d72a20>, verb_extension=<colcon_core.verb.build.BuildVerb object at 0x783b23d72090>, main=<bound method BuildVerb.main of <colcon_core.verb.build.BuildVerb object at 0x783b23d72090>>)
[0.336s] Level 1:colcon.colcon_core.package_discovery:discover_packages(colcon_meta) check parameters
[0.336s] Level 1:colcon.colcon_core.package_discovery:discover_packages(recursive) check parameters
[0.336s] Level 1:colcon.colcon_core.package_discovery:discover_packages(ignore) check parameters
[0.336s] Level 1:colcon.colcon_core.package_discovery:discover_packages(path) check parameters
[0.336s] Level 1:colcon.colcon_core.package_discovery:discover_packages(colcon_meta) discover
[0.336s] Level 1:colcon.colcon_core.package_discovery:discover_packages(recursive) discover
[0.337s] INFO:colcon.colcon_core.package_discovery:Crawling recursively for packages in '/home/gahee/multi_robot_docker'
[0.337s] Level 1:colcon.colcon_core.package_identification:_identify(.) by extensions ['ignore', 'ignore_ament_install']
[0.337s] Level 1:colcon.colcon_core.package_identification:_identify(.) by extension 'ignore'
[0.337s] Level 1:colcon.colcon_core.package_identification:_identify(.) by extension 'ignore_ament_install'
[0.337s] Level 1:colcon.colcon_core.package_identification:_identify(.) by extensions ['colcon_pkg']
[0.337s] Level 1:colcon.colcon_core.package_identification:_identify(.) by extension 'colcon_pkg'
[0.337s] Level 1:colcon.colcon_core.package_identification:_identify(.) by extensions ['colcon_meta']
[0.337s] Level 1:colcon.colcon_core.package_identification:_identify(.) by extension 'colcon_meta'
[0.337s] Level 1:colcon.colcon_core.package_identification:_identify(.) by extensions ['ros']
[0.337s] Level 1:colcon.colcon_core.package_identification:_identify(.) by extension 'ros'
[0.390s] Level 1:colcon.colcon_core.package_identification:_identify(.) by extensions ['cmake', 'python']
[0.391s] Level 1:colcon.colcon_core.package_identification:_identify(.) by extension 'cmake'
[0.391s] Level 1:colcon.colcon_core.package_identification:_identify(.) by extension 'python'
[0.391s] Level 1:colcon.colcon_core.package_identification:_identify(.) by extensions ['python_setup_py']
[0.391s] Level 1:colcon.colcon_core.package_identification:_identify(.) by extension 'python_setup_py'
[0.391s] Level 1:colcon.colcon_core.package_identification:_identify(build) by extensions ['ignore', 'ignore_ament_install']
[0.391s] Level 1:colcon.colcon_core.package_identification:_identify(build) by extension 'ignore'
[0.391s] Level 1:colcon.colcon_core.package_identification:_identify(build) ignored
[0.391s] Level 1:colcon.colcon_core.package_identification:_identify(follower_controller) by extensions ['ignore', 'ignore_ament_install']
[0.392s] Level 1:colcon.colcon_core.package_identification:_identify(follower_controller) by extension 'ignore'
[0.392s] Level 1:colcon.colcon_core.package_identification:_identify(follower_controller) by extension 'ignore_ament_install'
[0.392s] Level 1:colcon.colcon_core.package_identification:_identify(follower_controller) by extensions ['colcon_pkg']
[0.392s] Level 1:colcon.colcon_core.package_identification:_identify(follower_controller) by extension 'colcon_pkg'
[0.392s] Level 1:colcon.colcon_core.package_identification:_identify(follower_controller) by extensions ['colcon_meta']
[0.392s] Level 1:colcon.colcon_core.package_identification:_identify(follower_controller) by extension 'colcon_meta'
[0.392s] Level 1:colcon.colcon_core.package_identification:_identify(follower_controller) by extensions ['ros']
[0.392s] Level 1:colcon.colcon_core.package_identification:_identify(follower_controller) by extension 'ros'
[0.398s] DEBUG:colcon.colcon_core.package_identification:Package 'follower_controller' with type 'ros.ament_python' and name 'follower_controller'
[0.398s] Level 1:colcon.colcon_core.package_identification:_identify(install) by extensions ['ignore', 'ignore_ament_install']
[0.398s] Level 1:colcon.colcon_core.package_identification:_identify(install) by extension 'ignore'
[0.398s] Level 1:colcon.colcon_core.package_identification:_identify(install) ignored
[0.398s] Level 1:colcon.colcon_core.package_identification:_identify(log) by extensions ['ignore', 'ignore_ament_install']
[0.398s] Level 1:colcon.colcon_core.package_identification:_identify(log) by extension 'ignore'
[0.398s] Level 1:colcon.colcon_core.package_identification:_identify(log) ignored
[0.398s] Level 1:colcon.colcon_core.package_identification:_identify(multi_robot_sim) by extensions ['ignore', 'ignore_ament_install']
[0.399s] Level 1:colcon.colcon_core.package_identification:_identify(multi_robot_sim) by extension 'ignore'
[0.399s] Level 1:colcon.colcon_core.package_identification:_identify(multi_robot_sim) by extension 'ignore_ament_install'
[0.399s] Level 1:colcon.colcon_core.package_identification:_identify(multi_robot_sim) by extensions ['colcon_pkg']
[0.399s] Level 1:colcon.colcon_core.package_identification:_identify(multi_robot_sim) by extension 'colcon_pkg'
[0.399s] Level 1:colcon.colcon_core.package_identification:_identify(multi_robot_sim) by extensions ['colcon_meta']
[0.399s] Level 1:colcon.colcon_core.package_identification:_identify(multi_robot_sim) by extension 'colcon_meta'
[0.399s] Level 1:colcon.colcon_core.package_identification:_identify(multi_robot_sim) by extensions ['ros']
[0.399s] Level 1:colcon.colcon_core.package_identification:_identify(multi_robot_sim) by extension 'ros'
[0.399s] Level 1:colcon.colcon_core.package_identification:_identify(multi_robot_sim) by extensions ['cmake', 'python']
[0.399s] Level 1:colcon.colcon_core.package_identification:_identify(multi_robot_sim) by extension 'cmake'
[0.399s] Level 1:colcon.colcon_core.package_identification:_identify(multi_robot_sim) by extension 'python'
[0.399s] Level 1:colcon.colcon_core.package_identification:_identify(multi_robot_sim) by extensions ['python_setup_py']
[0.399s] Level 1:colcon.colcon_core.package_identification:_identify(multi_robot_sim) by extension 'python_setup_py'
[0.399s] Level 1:colcon.colcon_core.package_identification:_identify(multi_robot_sim/models) by extensions ['ignore', 'ignore_ament_install']
[0.400s] Level 1:colcon.colcon_core.package_identification:_identify(multi_robot_sim/models) by extension 'ignore'
[0.400s] Level 1:colcon.colcon_core.package_identification:_identify(multi_robot_sim/models) by extension 'ignore_ament_install'
[0.400s] Level 1:colcon.colcon_core.package_identification:_identify(multi_robot_sim/models) by extensions ['colcon_pkg']
[0.400s] Level 1:colcon.colcon_core.package_identification:_identify(multi_robot_sim/models) by extension 'colcon_pkg'
[0.400s] Level 1:colcon.colcon_core.package_identification:_identify(multi_robot_sim/models) by extensions ['colcon_meta']
[0.400s] Level 1:colcon.colcon_core.package_identification:_identify(multi_robot_sim/models) by extension 'colcon_meta'
[0.400s] Level 1:colcon.colcon_core.package_identification:_identify(multi_robot_sim/models) by extensions ['ros']
[0.400s] Level 1:colcon.colcon_core.package_identification:_identify(multi_robot_sim/models) by extension 'ros'
[0.400s] Level 1:colcon.colcon_core.package_identification:_identify(multi_robot_sim/models) by extensions ['cmake', 'python']
[0.400s] Level 1:colcon.colcon_core.package_identification:_identify(multi_robot_sim/models) by extension 'cmake'
[0.400s] Level 1:colcon.colcon_core.package_identification:_identify(multi_robot_sim/models) by extension 'python'
[0.400s] Level 1:colcon.colcon_core.package_identification:_identify(multi_robot_sim/models) by extensions ['python_setup_py']
[0.400s] Level 1:colcon.colcon_core.package_identification:_identify(multi_robot_sim/models) by extension 'python_setup_py'
[0.400s] Level 1:colcon.colcon_core.package_identification:_identify(multi_robot_sim/models/simple_robot) by extensions ['ignore', 'ignore_ament_install']
[0.401s] Level 1:colcon.colcon_core.package_identification:_identify(multi_robot_sim/models/simple_robot) by extension 'ignore'
[0.401s] Level 1:colcon.colcon_core.package_identification:_identify(multi_robot_sim/models/simple_robot) by extension 'ignore_ament_install'
[0.401s] Level 1:colcon.colcon_core.package_identification:_identify(multi_robot_sim/models/simple_robot) by extensions ['colcon_pkg']
[0.401s] Level 1:colcon.colcon_core.package_identification:_identify(multi_robot_sim/models/simple_robot) by extension 'colcon_pkg'
[0.401s] Level 1:colcon.colcon_core.package_identification:_identify(multi_robot_sim/models/simple_robot) by extensions ['colcon_meta']
[0.401s] Level 1:colcon.colcon_core.package_identification:_identify(multi_robot_sim/models/simple_robot) by extension 'colcon_meta'
[0.401s] Level 1:colcon.colcon_core.package_identification:_identify(multi_robot_sim/models/simple_robot) by extensions ['ros']
[0.401s] Level 1:colcon.colcon_core.package_identification:_identify(multi_robot_sim/models/simple_robot) by extension 'ros'
[0.401s] Level 1:colcon.colcon_core.package_identification:_identify(multi_robot_sim/models/simple_robot) by extensions ['cmake', 'python']
[0.401s] Level 1:colcon.colcon_core.package_identification:_identify(multi_robot_sim/models/simple_robot) by extension 'cmake'
[0.401s] Level 1:colcon.colcon_core.package_identification:_identify(multi_robot_sim/models/simple_robot) by extension 'python'
[0.401s] Level 1:colcon.colcon_core.package_identification:_identify(multi_robot_sim/models/simple_robot) by extensions ['python_setup_py']
[0.401s] Level 1:colcon.colcon_core.package_identification:_identify(multi_robot_sim/models/simple_robot) by extension 'python_setup_py'
[0.401s] Level 1:colcon.colcon_core.package_identification:_identify(multi_robot_sim/models/turtlebot3_follower_sep) by extensions ['ignore', 'ignore_ament_install']
[0.401s] Level 1:colcon.colcon_core.package_identification:_identify(multi_robot_sim/models/turtlebot3_follower_sep) by extension 'ignore'
[0.402s] Level 1:colcon.colcon_core.package_identification:_identify(multi_robot_sim/models/turtlebot3_follower_sep) by extension 'ignore_ament_install'
[0.402s] Level 1:colcon.colcon_core.package_identification:_identify(multi_robot_sim/models/turtlebot3_follower_sep) by extensions ['colcon_pkg']
[0.402s] Level 1:colcon.colcon_core.package_identification:_identify(multi_robot_sim/models/turtlebot3_follower_sep) by extension 'colcon_pkg'
[0.402s] Level 1:colcon.colcon_core.package_identification:_identify(multi_robot_sim/models/turtlebot3_follower_sep) by extensions ['colcon_meta']
[0.402s] Level 1:colcon.colcon_core.package_identification:_identify(multi_robot_sim/models/turtlebot3_follower_sep) by extension 'colcon_meta'
[0.402s] Level 1:colcon.colcon_core.package_identification:_identify(multi_robot_sim/models/turtlebot3_follower_sep) by extensions ['ros']
[0.402s] Level 1:colcon.colcon_core.package_identification:_identify(multi_robot_sim/models/turtlebot3_follower_sep) by extension 'ros'
[0.402s] Level 1:colcon.colcon_core.package_identification:_identify(multi_robot_sim/models/turtlebot3_follower_sep) by extensions ['cmake', 'python']
[0.402s] Level 1:colcon.colcon_core.package_identification:_identify(multi_robot_sim/models/turtlebot3_follower_sep) by extension 'cmake'
[0.402s] Level 1:colcon.colcon_core.package_identification:_identify(multi_robot_sim/models/turtlebot3_follower_sep) by extension 'python'
[0.402s] Level 1:colcon.colcon_core.package_identification:_identify(multi_robot_sim/models/turtlebot3_follower_sep) by extensions ['python_setup_py']
[0.402s] Level 1:colcon.colcon_core.package_identification:_identify(multi_robot_sim/models/turtlebot3_follower_sep) by extension 'python_setup_py'
[0.402s] Level 1:colcon.colcon_core.package_identification:_identify(multi_robot_sim/models/turtlebot3_leader) by extensions ['ignore', 'ignore_ament_install']
[0.402s] Level 1:colcon.colcon_core.package_identification:_identify(multi_robot_sim/models/turtlebot3_leader) by extension 'ignore'
[0.402s] Level 1:colcon.colcon_core.package_identification:_identify(multi_robot_sim/models/turtlebot3_leader) by extension 'ignore_ament_install'
[0.403s] Level 1:colcon.colcon_core.package_identification:_identify(multi_robot_sim/models/turtlebot3_leader) by extensions ['colcon_pkg']
[0.403s] Level 1:colcon.colcon_core.package_identification:_identify(multi_robot_sim/models/turtlebot3_leader) by extension 'colcon_pkg'
[0.403s] Level 1:colcon.colcon_core.package_identification:_identify(multi_robot_sim/models/turtlebot3_leader) by extensions ['colcon_meta']
[0.403s] Level 1:colcon.colcon_core.package_identification:_identify(multi_robot_sim/models/turtlebot3_leader) by extension 'colcon_meta'
[0.403s] Level 1:colcon.colcon_core.package_identification:_identify(multi_robot_sim/models/turtlebot3_leader) by extensions ['ros']
[0.403s] Level 1:colcon.colcon_core.package_identification:_identify(multi_robot_sim/models/turtlebot3_leader) by extension 'ros'
[0.403s] Level 1:colcon.colcon_core.package_identification:_identify(multi_robot_sim/models/turtlebot3_leader) by extensions ['cmake', 'python']
[0.403s] Level 1:colcon.colcon_core.package_identification:_identify(multi_robot_sim/models/turtlebot3_leader) by extension 'cmake'
[0.403s] Level 1:colcon.colcon_core.package_identification:_identify(multi_robot_sim/models/turtlebot3_leader) by extension 'python'
[0.403s] Level 1:colcon.colcon_core.package_identification:_identify(multi_robot_sim/models/turtlebot3_leader) by extensions ['python_setup_py']
[0.403s] Level 1:colcon.colcon_core.package_identification:_identify(multi_robot_sim/models/turtlebot3_leader) by extension 'python_setup_py'
[0.403s] Level 1:colcon.colcon_core.package_identification:_identify(multi_robot_sim/models/turtlebot3_leader_sep) by extensions ['ignore', 'ignore_ament_install']
[0.403s] Level 1:colcon.colcon_core.package_identification:_identify(multi_robot_sim/models/turtlebot3_leader_sep) by extension 'ignore'
[0.403s] Level 1:colcon.colcon_core.package_identification:_identify(multi_robot_sim/models/turtlebot3_leader_sep) by extension 'ignore_ament_install'
[0.403s] Level 1:colcon.colcon_core.package_identification:_identify(multi_robot_sim/models/turtlebot3_leader_sep) by extensions ['colcon_pkg']
[0.403s] Level 1:colcon.colcon_core.package_identification:_identify(multi_robot_sim/models/turtlebot3_leader_sep) by extension 'colcon_pkg'
[0.403s] Level 1:colcon.colcon_core.package_identification:_identify(multi_robot_sim/models/turtlebot3_leader_sep) by extensions ['colcon_meta']
[0.403s] Level 1:colcon.colcon_core.package_identification:_identify(multi_robot_sim/models/turtlebot3_leader_sep) by extension 'colcon_meta'
[0.404s] Level 1:colcon.colcon_core.package_identification:_identify(multi_robot_sim/models/turtlebot3_leader_sep) by extensions ['ros']
[0.404s] Level 1:colcon.colcon_core.package_identification:_identify(multi_robot_sim/models/turtlebot3_leader_sep) by extension 'ros'
[0.404s] Level 1:colcon.colcon_core.package_identification:_identify(multi_robot_sim/models/turtlebot3_leader_sep) by extensions ['cmake', 'python']
[0.404s] Level 1:colcon.colcon_core.package_identification:_identify(multi_robot_sim/models/turtlebot3_leader_sep) by extension 'cmake'
[0.404s] Level 1:colcon.colcon_core.package_identification:_identify(multi_robot_sim/models/turtlebot3_leader_sep) by extension 'python'
[0.404s] Level 1:colcon.colcon_core.package_identification:_identify(multi_robot_sim/models/turtlebot3_leader_sep) by extensions ['python_setup_py']
[0.404s] Level 1:colcon.colcon_core.package_identification:_identify(multi_robot_sim/models/turtlebot3_leader_sep) by extension 'python_setup_py'
[0.404s] Level 1:colcon.colcon_core.package_identification:_identify(multi_robot_sim/worlds) by extensions ['ignore', 'ignore_ament_install']
[0.404s] Level 1:colcon.colcon_core.package_identification:_identify(multi_robot_sim/worlds) by extension 'ignore'
[0.404s] Level 1:colcon.colcon_core.package_identification:_identify(multi_robot_sim/worlds) by extension 'ignore_ament_install'
[0.404s] Level 1:colcon.colcon_core.package_identification:_identify(multi_robot_sim/worlds) by extensions ['colcon_pkg']
[0.404s] Level 1:colcon.colcon_core.package_identification:_identify(multi_robot_sim/worlds) by extension 'colcon_pkg'
[0.404s] Level 1:colcon.colcon_core.package_identification:_identify(multi_robot_sim/worlds) by extensions ['colcon_meta']
[0.404s] Level 1:colcon.colcon_core.package_identification:_identify(multi_robot_sim/worlds) by extension 'colcon_meta'
[0.404s] Level 1:colcon.colcon_core.package_identification:_identify(multi_robot_sim/worlds) by extensions ['ros']
[0.404s] Level 1:colcon.colcon_core.package_identification:_identify(multi_robot_sim/worlds) by extension 'ros'
[0.405s] Level 1:colcon.colcon_core.package_identification:_identify(multi_robot_sim/worlds) by extensions ['cmake', 'python']
[0.405s] Level 1:colcon.colcon_core.package_identification:_identify(multi_robot_sim/worlds) by extension 'cmake'
[0.405s] Level 1:colcon.colcon_core.package_identification:_identify(multi_robot_sim/worlds) by extension 'python'
[0.405s] Level 1:colcon.colcon_core.package_identification:_identify(multi_robot_sim/worlds) by extensions ['python_setup_py']
[0.405s] Level 1:colcon.colcon_core.package_identification:_identify(multi_robot_sim/worlds) by extension 'python_setup_py'
[0.405s] Level 1:colcon.colcon_core.package_identification:_identify(robot_ws) by extensions ['ignore', 'ignore_ament_install']
[0.405s] Level 1:colcon.colcon_core.package_identification:_identify(robot_ws) by extension 'ignore'
[0.405s] Level 1:colcon.colcon_core.package_identification:_identify(robot_ws) by extension 'ignore_ament_install'
[0.405s] Level 1:colcon.colcon_core.package_identification:_identify(robot_ws) by extensions ['colcon_pkg']
[0.405s] Level 1:colcon.colcon_core.package_identification:_identify(robot_ws) by extension 'colcon_pkg'
[0.405s] Level 1:colcon.colcon_core.package_identification:_identify(robot_ws) by extensions ['colcon_meta']
[0.405s] Level 1:colcon.colcon_core.package_identification:_identify(robot_ws) by extension 'colcon_meta'
[0.405s] Level 1:colcon.colcon_core.package_identification:_identify(robot_ws) by extensions ['ros']
[0.405s] Level 1:colcon.colcon_core.package_identification:_identify(robot_ws) by extension 'ros'
[0.405s] Level 1:colcon.colcon_core.package_identification:_identify(robot_ws) by extensions ['cmake', 'python']
[0.405s] Level 1:colcon.colcon_core.package_identification:_identify(robot_ws) by extension 'cmake'
[0.405s] Level 1:colcon.colcon_core.package_identification:_identify(robot_ws) by extension 'python'
[0.405s] Level 1:colcon.colcon_core.package_identification:_identify(robot_ws) by extensions ['python_setup_py']
[0.405s] Level 1:colcon.colcon_core.package_identification:_identify(robot_ws) by extension 'python_setup_py'
[0.406s] Level 1:colcon.colcon_core.package_identification:_identify(robot_ws/build) by extensions ['ignore', 'ignore_ament_install']
[0.406s] Level 1:colcon.colcon_core.package_identification:_identify(robot_ws/build) by extension 'ignore'
[0.406s] Level 1:colcon.colcon_core.package_identification:_identify(robot_ws/build) ignored
[0.406s] Level 1:colcon.colcon_core.package_identification:_identify(robot_ws/install) by extensions ['ignore', 'ignore_ament_install']
[0.406s] Level 1:colcon.colcon_core.package_identification:_identify(robot_ws/install) by extension 'ignore'
[0.406s] Level 1:colcon.colcon_core.package_identification:_identify(robot_ws/install) ignored
[0.406s] Level 1:colcon.colcon_core.package_identification:_identify(robot_ws/log) by extensions ['ignore', 'ignore_ament_install']
[0.406s] Level 1:colcon.colcon_core.package_identification:_identify(robot_ws/log) by extension 'ignore'
[0.406s] Level 1:colcon.colcon_core.package_identification:_identify(robot_ws/log) ignored
[0.406s] Level 1:colcon.colcon_core.package_identification:_identify(robot_ws/src) by extensions ['ignore', 'ignore_ament_install']
[0.406s] Level 1:colcon.colcon_core.package_identification:_identify(robot_ws/src) by extension 'ignore'
[0.407s] Level 1:colcon.colcon_core.package_identification:_identify(robot_ws/src) by extension 'ignore_ament_install'
[0.407s] Level 1:colcon.colcon_core.package_identification:_identify(robot_ws/src) by extensions ['colcon_pkg']
[0.407s] Level 1:colcon.colcon_core.package_identification:_identify(robot_ws/src) by extension 'colcon_pkg'
[0.407s] Level 1:colcon.colcon_core.package_identification:_identify(robot_ws/src) by extensions ['colcon_meta']
[0.407s] Level 1:colcon.colcon_core.package_identification:_identify(robot_ws/src) by extension 'colcon_meta'
[0.407s] Level 1:colcon.colcon_core.package_identification:_identify(robot_ws/src) by extensions ['ros']
[0.407s] Level 1:colcon.colcon_core.package_identification:_identify(robot_ws/src) by extension 'ros'
[0.407s] Level 1:colcon.colcon_core.package_identification:_identify(robot_ws/src) by extensions ['cmake', 'python']
[0.407s] Level 1:colcon.colcon_core.package_identification:_identify(robot_ws/src) by extension 'cmake'
[0.407s] Level 1:colcon.colcon_core.package_identification:_identify(robot_ws/src) by extension 'python'
[0.407s] Level 1:colcon.colcon_core.package_identification:_identify(robot_ws/src) by extensions ['python_setup_py']
[0.407s] Level 1:colcon.colcon_core.package_identification:_identify(robot_ws/src) by extension 'python_setup_py'
[0.407s] Level 1:colcon.colcon_core.package_identification:_identify(robot_ws/src/follower_controller) by extensions ['ignore', 'ignore_ament_install']
[0.407s] Level 1:colcon.colcon_core.package_identification:_identify(robot_ws/src/follower_controller) by extension 'ignore'
[0.407s] Level 1:colcon.colcon_core.package_identification:_identify(robot_ws/src/follower_controller) by extension 'ignore_ament_install'
[0.407s] Level 1:colcon.colcon_core.package_identification:_identify(robot_ws/src/follower_controller) by extensions ['colcon_pkg']
[0.407s] Level 1:colcon.colcon_core.package_identification:_identify(robot_ws/src/follower_controller) by extension 'colcon_pkg'
[0.407s] Level 1:colcon.colcon_core.package_identification:_identify(robot_ws/src/follower_controller) by extensions ['colcon_meta']
[0.408s] Level 1:colcon.colcon_core.package_identification:_identify(robot_ws/src/follower_controller) by extension 'colcon_meta'
[0.408s] Level 1:colcon.colcon_core.package_identification:_identify(robot_ws/src/follower_controller) by extensions ['ros']
[0.408s] Level 1:colcon.colcon_core.package_identification:_identify(robot_ws/src/follower_controller) by extension 'ros'
[0.408s] DEBUG:colcon.colcon_core.package_identification:Package 'robot_ws/src/follower_controller' with type 'ros.ament_python' and name 'follower_controller'
[0.408s] Level 1:colcon.colcon_core.package_identification:_identify(robot_ws/src/multi_robot_sim) by extensions ['ignore', 'ignore_ament_install']
[0.409s] Level 1:colcon.colcon_core.package_identification:_identify(robot_ws/src/multi_robot_sim) by extension 'ignore'
[0.409s] Level 1:colcon.colcon_core.package_identification:_identify(robot_ws/src/multi_robot_sim) by extension 'ignore_ament_install'
[0.409s] Level 1:colcon.colcon_core.package_identification:_identify(robot_ws/src/multi_robot_sim) by extensions ['colcon_pkg']
[0.409s] Level 1:colcon.colcon_core.package_identification:_identify(robot_ws/src/multi_robot_sim) by extension 'colcon_pkg'
[0.409s] Level 1:colcon.colcon_core.package_identification:_identify(robot_ws/src/multi_robot_sim) by extensions ['colcon_meta']
[0.409s] Level 1:colcon.colcon_core.package_identification:_identify(robot_ws/src/multi_robot_sim) by extension 'colcon_meta'
[0.409s] Level 1:colcon.colcon_core.package_identification:_identify(robot_ws/src/multi_robot_sim) by extensions ['ros']
[0.409s] Level 1:colcon.colcon_core.package_identification:_identify(robot_ws/src/multi_robot_sim) by extension 'ros'
[0.409s] Level 1:colcon.colcon_core.package_identification:_identify(robot_ws/src/multi_robot_sim) by extensions ['cmake', 'python']
[0.409s] Level 1:colcon.colcon_core.package_identification:_identify(robot_ws/src/multi_robot_sim) by extension 'cmake'
[0.409s] Level 1:colcon.colcon_core.package_identification:_identify(robot_ws/src/multi_robot_sim) by extension 'python'
[0.409s] Level 1:colcon.colcon_core.package_identification:_identify(robot_ws/src/multi_robot_sim) by extensions ['python_setup_py']
[0.409s] Level 1:colcon.colcon_core.package_identification:_identify(robot_ws/src/multi_robot_sim) by extension 'python_setup_py'
[0.409s] Level 1:colcon.colcon_core.package_identification:_identify(robot_ws/src/multi_robot_sim/models) by extensions ['ignore', 'ignore_ament_install']
[0.409s] Level 1:colcon.colcon_core.package_identification:_identify(robot_ws/src/multi_robot_sim/models) by extension 'ignore'
[0.410s] Level 1:colcon.colcon_core.package_identification:_identify(robot_ws/src/multi_robot_sim/models) by extension 'ignore_ament_install'
[0.410s] Level 1:colcon.colcon_core.package_identification:_identify(robot_ws/src/multi_robot_sim/models) by extensions ['colcon_pkg']
[0.410s] Level 1:colcon.colcon_core.package_identification:_identify(robot_ws/src/multi_robot_sim/models) by extension 'colcon_pkg'
[0.410s] Level 1:colcon.colcon_core.package_identification:_identify(robot_ws/src/multi_robot_sim/models) by extensions ['colcon_meta']
[0.410s] Level 1:colcon.colcon_core.package_identification:_identify(robot_ws/src/multi_robot_sim/models) by extension 'colcon_meta'
[0.410s] Level 1:colcon.colcon_core.package_identification:_identify(robot_ws/src/multi_robot_sim/models) by extensions ['ros']
[0.410s] Level 1:colcon.colcon_core.package_identification:_identify(robot_ws/src/multi_robot_sim/models) by extension 'ros'
[0.410s] Level 1:colcon.colcon_core.package_identification:_identify(robot_ws/src/multi_robot_sim/models) by extensions ['cmake', 'python']
[0.410s] Level 1:colcon.colcon_core.package_identification:_identify(robot_ws/src/multi_robot_sim/models) by extension 'cmake'
[0.410s] Level 1:colcon.colcon_core.package_identification:_identify(robot_ws/src/multi_robot_sim/models) by extension 'python'
[0.410s] Level 1:colcon.colcon_core.package_identification:_identify(robot_ws/src/multi_robot_sim/models) by extensions ['python_setup_py']
[0.410s] Level 1:colcon.colcon_core.package_identification:_identify(robot_ws/src/multi_robot_sim/models) by extension 'python_setup_py'
[0.410s] Level 1:colcon.colcon_core.package_identification:_identify(robot_ws/src/multi_robot_sim/models/simple_robot) by extensions ['ignore', 'ignore_ament_install']
[0.410s] Level 1:colcon.colcon_core.package_identification:_identify(robot_ws/src/multi_robot_sim/models/simple_robot) by extension 'ignore'
[0.410s] Level 1:colcon.colcon_core.package_identification:_identify(robot_ws/src/multi_robot_sim/models/simple_robot) by extension 'ignore_ament_install'
[0.410s] Level 1:colcon.colcon_core.package_identification:_identify(robot_ws/src/multi_robot_sim/models/simple_robot) by extensions ['colcon_pkg']
[0.410s] Level 1:colcon.colcon_core.package_identification:_identify(robot_ws/src/multi_robot_sim/models/simple_robot) by extension 'colcon_pkg'
[0.411s] Level 1:colcon.colcon_core.package_identification:_identify(robot_ws/src/multi_robot_sim/models/simple_robot) by extensions ['colcon_meta']
[0.411s] Level 1:colcon.colcon_core.package_identification:_identify(robot_ws/src/multi_robot_sim/models/simple_robot) by extension 'colcon_meta'
[0.411s] Level 1:colcon.colcon_core.package_identification:_identify(robot_ws/src/multi_robot_sim/models/simple_robot) by extensions ['ros']
[0.411s] Level 1:colcon.colcon_core.package_identification:_identify(robot_ws/src/multi_robot_sim/models/simple_robot) by extension 'ros'
[0.411s] Level 1:colcon.colcon_core.package_identification:_identify(robot_ws/src/multi_robot_sim/models/simple_robot) by extensions ['cmake', 'python']
[0.411s] Level 1:colcon.colcon_core.package_identification:_identify(robot_ws/src/multi_robot_sim/models/simple_robot) by extension 'cmake'
[0.411s] Level 1:colcon.colcon_core.package_identification:_identify(robot_ws/src/multi_robot_sim/models/simple_robot) by extension 'python'
[0.411s] Level 1:colcon.colcon_core.package_identification:_identify(robot_ws/src/multi_robot_sim/models/simple_robot) by extensions ['python_setup_py']
[0.411s] Level 1:colcon.colcon_core.package_identification:_identify(robot_ws/src/multi_robot_sim/models/simple_robot) by extension 'python_setup_py'
[0.411s] Level 1:colcon.colcon_core.package_identification:_identify(robot_ws/src/multi_robot_sim/models/turtlebot3_follower2_sep) by extensions ['ignore', 'ignore_ament_install']
[0.411s] Level 1:colcon.colcon_core.package_identification:_identify(robot_ws/src/multi_robot_sim/models/turtlebot3_follower2_sep) by extension 'ignore'
[0.411s] Level 1:colcon.colcon_core.package_identification:_identify(robot_ws/src/multi_robot_sim/models/turtlebot3_follower2_sep) by extension 'ignore_ament_install'
[0.411s] Level 1:colcon.colcon_core.package_identification:_identify(robot_ws/src/multi_robot_sim/models/turtlebot3_follower2_sep) by extensions ['colcon_pkg']
[0.411s] Level 1:colcon.colcon_core.package_identification:_identify(robot_ws/src/multi_robot_sim/models/turtlebot3_follower2_sep) by extension 'colcon_pkg'
[0.411s] Level 1:colcon.colcon_core.package_identification:_identify(robot_ws/src/multi_robot_sim/models/turtlebot3_follower2_sep) by extensions ['colcon_meta']
[0.411s] Level 1:colcon.colcon_core.package_identification:_identify(robot_ws/src/multi_robot_sim/models/turtlebot3_follower2_sep) by extension 'colcon_meta'
[0.411s] Level 1:colcon.colcon_core.package_identification:_identify(robot_ws/src/multi_robot_sim/models/turtlebot3_follower2_sep) by extensions ['ros']
[0.411s] Level 1:colcon.colcon_core.package_identification:_identify(robot_ws/src/multi_robot_sim/models/turtlebot3_follower2_sep) by extension 'ros'
[0.412s] Level 1:colcon.colcon_core.package_identification:_identify(robot_ws/src/multi_robot_sim/models/turtlebot3_follower2_sep) by extensions ['cmake', 'python']
[0.412s] Level 1:colcon.colcon_core.package_identification:_identify(robot_ws/src/multi_robot_sim/models/turtlebot3_follower2_sep) by extension 'cmake'
[0.412s] Level 1:colcon.colcon_core.package_identification:_identify(robot_ws/src/multi_robot_sim/models/turtlebot3_follower2_sep) by extension 'python'
[0.412s] Level 1:colcon.colcon_core.package_identification:_identify(robot_ws/src/multi_robot_sim/models/turtlebot3_follower2_sep) by extensions ['python_setup_py']
[0.412s] Level 1:colcon.colcon_core.package_identification:_identify(robot_ws/src/multi_robot_sim/models/turtlebot3_follower2_sep) by extension 'python_setup_py'
[0.412s] Level 1:colcon.colcon_core.package_identification:_identify(robot_ws/src/multi_robot_sim/models/turtlebot3_follower2_sep/turtlebot3_follower_sep) by extensions ['ignore', 'ignore_ament_install']
[0.412s] Level 1:colcon.colcon_core.package_identification:_identify(robot_ws/src/multi_robot_sim/models/turtlebot3_follower2_sep/turtlebot3_follower_sep) by extension 'ignore'
[0.412s] Level 1:colcon.colcon_core.package_identification:_identify(robot_ws/src/multi_robot_sim/models/turtlebot3_follower2_sep/turtlebot3_follower_sep) by extension 'ignore_ament_install'
[0.412s] Level 1:colcon.colcon_core.package_identification:_identify(robot_ws/src/multi_robot_sim/models/turtlebot3_follower2_sep/turtlebot3_follower_sep) by extensions ['colcon_pkg']
[0.412s] Level 1:colcon.colcon_core.package_identification:_identify(robot_ws/src/multi_robot_sim/models/turtlebot3_follower2_sep/turtlebot3_follower_sep) by extension 'colcon_pkg'
[0.412s] Level 1:colcon.colcon_core.package_identification:_identify(robot_ws/src/multi_robot_sim/models/turtlebot3_follower2_sep/turtlebot3_follower_sep) by extensions ['colcon_meta']
[0.412s] Level 1:colcon.colcon_core.package_identification:_identify(robot_ws/src/multi_robot_sim/models/turtlebot3_follower2_sep/turtlebot3_follower_sep) by extension 'colcon_meta'
[0.412s] Level 1:colcon.colcon_core.package_identification:_identify(robot_ws/src/multi_robot_sim/models/turtlebot3_follower2_sep/turtlebot3_follower_sep) by extensions ['ros']
[0.412s] Level 1:colcon.colcon_core.package_identification:_identify(robot_ws/src/multi_robot_sim/models/turtlebot3_follower2_sep/turtlebot3_follower_sep) by extension 'ros'
[0.412s] Level 1:colcon.colcon_core.package_identification:_identify(robot_ws/src/multi_robot_sim/models/turtlebot3_follower2_sep/turtlebot3_follower_sep) by extensions ['cmake', 'python']
[0.412s] Level 1:colcon.colcon_core.package_identification:_identify(robot_ws/src/multi_robot_sim/models/turtlebot3_follower2_sep/turtlebot3_follower_sep) by extension 'cmake'
[0.413s] Level 1:colcon.colcon_core.package_identification:_identify(robot_ws/src/multi_robot_sim/models/turtlebot3_follower2_sep/turtlebot3_follower_sep) by extension 'python'
[0.413s] Level 1:colcon.colcon_core.package_identification:_identify(robot_ws/src/multi_robot_sim/models/turtlebot3_follower2_sep/turtlebot3_follower_sep) by extensions ['python_setup_py']
[0.413s] Level 1:colcon.colcon_core.package_identification:_identify(robot_ws/src/multi_robot_sim/models/turtlebot3_follower2_sep/turtlebot3_follower_sep) by extension 'python_setup_py'
[0.413s] Level 1:colcon.colcon_core.package_identification:_identify(robot_ws/src/multi_robot_sim/models/turtlebot3_follower_sep) by extensions ['ignore', 'ignore_ament_install']
[0.413s] Level 1:colcon.colcon_core.package_identification:_identify(robot_ws/src/multi_robot_sim/models/turtlebot3_follower_sep) by extension 'ignore'
[0.413s] Level 1:colcon.colcon_core.package_identification:_identify(robot_ws/src/multi_robot_sim/models/turtlebot3_follower_sep) by extension 'ignore_ament_install'
[0.413s] Level 1:colcon.colcon_core.package_identification:_identify(robot_ws/src/multi_robot_sim/models/turtlebot3_follower_sep) by extensions ['colcon_pkg']
[0.413s] Level 1:colcon.colcon_core.package_identification:_identify(robot_ws/src/multi_robot_sim/models/turtlebot3_follower_sep) by extension 'colcon_pkg'
[0.413s] Level 1:colcon.colcon_core.package_identification:_identify(robot_ws/src/multi_robot_sim/models/turtlebot3_follower_sep) by extensions ['colcon_meta']
[0.413s] Level 1:colcon.colcon_core.package_identification:_identify(robot_ws/src/multi_robot_sim/models/turtlebot3_follower_sep) by extension 'colcon_meta'
[0.413s] Level 1:colcon.colcon_core.package_identification:_identify(robot_ws/src/multi_robot_sim/models/turtlebot3_follower_sep) by extensions ['ros']
[0.413s] Level 1:colcon.colcon_core.package_identification:_identify(robot_ws/src/multi_robot_sim/models/turtlebot3_follower_sep) by extension 'ros'
[0.413s] Level 1:colcon.colcon_core.package_identification:_identify(robot_ws/src/multi_robot_sim/models/turtlebot3_follower_sep) by extensions ['cmake', 'python']
[0.413s] Level 1:colcon.colcon_core.package_identification:_identify(robot_ws/src/multi_robot_sim/models/turtlebot3_follower_sep) by extension 'cmake'
[0.413s] Level 1:colcon.colcon_core.package_identification:_identify(robot_ws/src/multi_robot_sim/models/turtlebot3_follower_sep) by extension 'python'
[0.413s] Level 1:colcon.colcon_core.package_identification:_identify(robot_ws/src/multi_robot_sim/models/turtlebot3_follower_sep) by extensions ['python_setup_py']
[0.413s] Level 1:colcon.colcon_core.package_identification:_identify(robot_ws/src/multi_robot_sim/models/turtlebot3_follower_sep) by extension 'python_setup_py'
[0.414s] Level 1:colcon.colcon_core.package_identification:_identify(robot_ws/src/multi_robot_sim/models/turtlebot3_leader) by extensions ['ignore', 'ignore_ament_install']
[0.414s] Level 1:colcon.colcon_core.package_identification:_identify(robot_ws/src/multi_robot_sim/models/turtlebot3_leader) by extension 'ignore'
[0.414s] Level 1:colcon.colcon_core.package_identification:_identify(robot_ws/src/multi_robot_sim/models/turtlebot3_leader) by extension 'ignore_ament_install'
[0.414s] Level 1:colcon.colcon_core.package_identification:_identify(robot_ws/src/multi_robot_sim/models/turtlebot3_leader) by extensions ['colcon_pkg']
[0.414s] Level 1:colcon.colcon_core.package_identification:_identify(robot_ws/src/multi_robot_sim/models/turtlebot3_leader) by extension 'colcon_pkg'
[0.414s] Level 1:colcon.colcon_core.package_identification:_identify(robot_ws/src/multi_robot_sim/models/turtlebot3_leader) by extensions ['colcon_meta']
[0.414s] Level 1:colcon.colcon_core.package_identification:_identify(robot_ws/src/multi_robot_sim/models/turtlebot3_leader) by extension 'colcon_meta'
[0.414s] Level 1:colcon.colcon_core.package_identification:_identify(robot_ws/src/multi_robot_sim/models/turtlebot3_leader) by extensions ['ros']
[0.414s] Level 1:colcon.colcon_core.package_identification:_identify(robot_ws/src/multi_robot_sim/models/turtlebot3_leader) by extension 'ros'
[0.414s] Level 1:colcon.colcon_core.package_identification:_identify(robot_ws/src/multi_robot_sim/models/turtlebot3_leader) by extensions ['cmake', 'python']
[0.414s] Level 1:colcon.colcon_core.package_identification:_identify(robot_ws/src/multi_robot_sim/models/turtlebot3_leader) by extension 'cmake'
[0.414s] Level 1:colcon.colcon_core.package_identification:_identify(robot_ws/src/multi_robot_sim/models/turtlebot3_leader) by extension 'python'
[0.414s] Level 1:colcon.colcon_core.package_identification:_identify(robot_ws/src/multi_robot_sim/models/turtlebot3_leader) by extensions ['python_setup_py']
[0.414s] Level 1:colcon.colcon_core.package_identification:_identify(robot_ws/src/multi_robot_sim/models/turtlebot3_leader) by extension 'python_setup_py'
[0.414s] Level 1:colcon.colcon_core.package_identification:_identify(robot_ws/src/multi_robot_sim/models/turtlebot3_leader_sep) by extensions ['ignore', 'ignore_ament_install']
[0.415s] Level 1:colcon.colcon_core.package_identification:_identify(robot_ws/src/multi_robot_sim/models/turtlebot3_leader_sep) by extension 'ignore'
[0.415s] Level 1:colcon.colcon_core.package_identification:_identify(robot_ws/src/multi_robot_sim/models/turtlebot3_leader_sep) by extension 'ignore_ament_install'
[0.415s] Level 1:colcon.colcon_core.package_identification:_identify(robot_ws/src/multi_robot_sim/models/turtlebot3_leader_sep) by extensions ['colcon_pkg']
[0.415s] Level 1:colcon.colcon_core.package_identification:_identify(robot_ws/src/multi_robot_sim/models/turtlebot3_leader_sep) by extension 'colcon_pkg'
[0.415s] Level 1:colcon.colcon_core.package_identification:_identify(robot_ws/src/multi_robot_sim/models/turtlebot3_leader_sep) by extensions ['colcon_meta']
[0.415s] Level 1:colcon.colcon_core.package_identification:_identify(robot_ws/src/multi_robot_sim/models/turtlebot3_leader_sep) by extension 'colcon_meta'
[0.415s] Level 1:colcon.colcon_core.package_identification:_identify(robot_ws/src/multi_robot_sim/models/turtlebot3_leader_sep) by extensions ['ros']
[0.415s] Level 1:colcon.colcon_core.package_identification:_identify(robot_ws/src/multi_robot_sim/models/turtlebot3_leader_sep) by extension 'ros'
[0.415s] Level 1:colcon.colcon_core.package_identification:_identify(robot_ws/src/multi_robot_sim/models/turtlebot3_leader_sep) by extensions ['cmake', 'python']
[0.415s] Level 1:colcon.colcon_core.package_identification:_identify(robot_ws/src/multi_robot_sim/models/turtlebot3_leader_sep) by extension 'cmake'
[0.415s] Level 1:colcon.colcon_core.package_identification:_identify(robot_ws/src/multi_robot_sim/models/turtlebot3_leader_sep) by extension 'python'
[0.415s] Level 1:colcon.colcon_core.package_identification:_identify(robot_ws/src/multi_robot_sim/models/turtlebot3_leader_sep) by extensions ['python_setup_py']
[0.415s] Level 1:colcon.colcon_core.package_identification:_identify(robot_ws/src/multi_robot_sim/models/turtlebot3_leader_sep) by extension 'python_setup_py'
[0.415s] Level 1:colcon.colcon_core.package_identification:_identify(robot_ws/src/multi_robot_sim/worlds) by extensions ['ignore', 'ignore_ament_install']
[0.415s] Level 1:colcon.colcon_core.package_identification:_identify(robot_ws/src/multi_robot_sim/worlds) by extension 'ignore'
[0.415s] Level 1:colcon.colcon_core.package_identification:_identify(robot_ws/src/multi_robot_sim/worlds) by extension 'ignore_ament_install'
[0.415s] Level 1:colcon.colcon_core.package_identification:_identify(robot_ws/src/multi_robot_sim/worlds) by extensions ['colcon_pkg']
[0.416s] Level 1:colcon.colcon_core.package_identification:_identify(robot_ws/src/multi_robot_sim/worlds) by extension 'colcon_pkg'
[0.416s] Level 1:colcon.colcon_core.package_identification:_identify(robot_ws/src/multi_robot_sim/worlds) by extensions ['colcon_meta']
[0.416s] Level 1:colcon.colcon_core.package_identification:_identify(robot_ws/src/multi_robot_sim/worlds) by extension 'colcon_meta'
[0.416s] Level 1:colcon.colcon_core.package_identification:_identify(robot_ws/src/multi_robot_sim/worlds) by extensions ['ros']
[0.416s] Level 1:colcon.colcon_core.package_identification:_identify(robot_ws/src/multi_robot_sim/worlds) by extension 'ros'
[0.416s] Level 1:colcon.colcon_core.package_identification:_identify(robot_ws/src/multi_robot_sim/worlds) by extensions ['cmake', 'python']
[0.416s] Level 1:colcon.colcon_core.package_identification:_identify(robot_ws/src/multi_robot_sim/worlds) by extension 'cmake'
[0.416s] Level 1:colcon.colcon_core.package_identification:_identify(robot_ws/src/multi_robot_sim/worlds) by extension 'python'
[0.416s] Level 1:colcon.colcon_core.package_identification:_identify(robot_ws/src/multi_robot_sim/worlds) by extensions ['python_setup_py']
[0.416s] Level 1:colcon.colcon_core.package_identification:_identify(robot_ws/src/multi_robot_sim/worlds) by extension 'python_setup_py'
[0.416s] Level 1:colcon.colcon_core.package_discovery:discover_packages(recursive) using defaults
[0.416s] Level 1:colcon.colcon_core.package_discovery:discover_packages(ignore) discover
[0.416s] Level 1:colcon.colcon_core.package_discovery:discover_packages(ignore) using defaults
[0.416s] Level 1:colcon.colcon_core.package_discovery:discover_packages(path) discover
[0.416s] Level 1:colcon.colcon_core.package_discovery:discover_packages(path) using defaults
[0.453s] Level 1:colcon.colcon_core.package_discovery:discover_packages(prefix_path) check parameters
[0.453s] Level 1:colcon.colcon_core.package_discovery:discover_packages(prefix_path) discover
[0.461s] DEBUG:colcon.colcon_installed_package_information.package_discovery:Found 494 installed packages in /opt/ros/jazzy
[0.465s] Level 1:colcon.colcon_core.package_discovery:discover_packages(prefix_path) using defaults
[0.549s] ERROR:colcon:colcon build: Duplicate package names not supported:
- follower_controller:
  - follower_controller
  - robot_ws/src/follower_controller
