[1.806s] Invoking command in '/root/robot_ws/src/follower_controller': PYTHONPATH=/root/robot_ws/build/follower_controller/prefix_override:/usr/lib/python3/dist-packages/colcon_core/task/python/colcon_distutils_commands:/root/robot_ws/install/follower_controller/lib/python3.12/site-packages:${PYTHONPATH} /usr/bin/python3 -W ignore:setup.py install is deprecated -W ignore:easy_install command is deprecated setup.py egg_info --egg-base ../../build/follower_controller build --build-base /root/robot_ws/build/follower_controller/build install --record /root/robot_ws/build/follower_controller/install.log --single-version-externally-managed install_data
[2.163s] running egg_info
[2.180s] writing ../../build/follower_controller/follower_controller.egg-info/PKG-INFO
[2.180s] writing dependency_links to ../../build/follower_controller/follower_controller.egg-info/dependency_links.txt
[2.181s] writing entry points to ../../build/follower_controller/follower_controller.egg-info/entry_points.txt
[2.181s] writing requirements to ../../build/follower_controller/follower_controller.egg-info/requires.txt
[2.181s] writing top-level names to ../../build/follower_controller/follower_controller.egg-info/top_level.txt
[2.218s] reading manifest file '../../build/follower_controller/follower_controller.egg-info/SOURCES.txt'
[2.220s] writing manifest file '../../build/follower_controller/follower_controller.egg-info/SOURCES.txt'
[2.220s] running build
[2.220s] running build_py
[2.220s] copying follower_controller/follower_node.py -> /root/robot_ws/build/follower_controller/build/lib/follower_controller
[2.221s] copying follower_controller/follower_node_backup.py -> /root/robot_ws/build/follower_controller/build/lib/follower_controller
[2.221s] running install
[2.231s] running install_lib
[2.257s] copying /root/robot_ws/build/follower_controller/build/lib/follower_controller/follower_node.py -> /root/robot_ws/install/follower_controller/lib/python3.12/site-packages/follower_controller
[2.258s] copying /root/robot_ws/build/follower_controller/build/lib/follower_controller/follower_node_backup.py -> /root/robot_ws/install/follower_controller/lib/python3.12/site-packages/follower_controller
[2.260s] byte-compiling /root/robot_ws/install/follower_controller/lib/python3.12/site-packages/follower_controller/follower_node.py to follower_node.cpython-312.pyc
[2.270s] byte-compiling /root/robot_ws/install/follower_controller/lib/python3.12/site-packages/follower_controller/follower_node_backup.py to follower_node_backup.cpython-312.pyc
[2.277s] running install_data
[2.277s] running install_egg_info
[2.302s] removing '/root/robot_ws/install/follower_controller/lib/python3.12/site-packages/follower_controller-0.0.0-py3.12.egg-info' (and everything under it)
[2.302s] Copying ../../build/follower_controller/follower_controller.egg-info to /root/robot_ws/install/follower_controller/lib/python3.12/site-packages/follower_controller-0.0.0-py3.12.egg-info
[2.304s] running install_scripts
[2.468s] Installing cmd_vel_relay_node script to /root/robot_ws/install/follower_controller/lib/follower_controller
[2.469s] Installing follower_node script to /root/robot_ws/install/follower_controller/lib/follower_controller
[2.469s] Installing topic_relay_node script to /root/robot_ws/install/follower_controller/lib/follower_controller
[2.470s] writing list of installed files to '/root/robot_ws/build/follower_controller/install.log'
[2.539s] Invoked command in '/root/robot_ws/src/follower_controller' returned '0': PYTHONPATH=/root/robot_ws/build/follower_controller/prefix_override:/usr/lib/python3/dist-packages/colcon_core/task/python/colcon_distutils_commands:/root/robot_ws/install/follower_controller/lib/python3.12/site-packages:${PYTHONPATH} /usr/bin/python3 -W ignore:setup.py install is deprecated -W ignore:easy_install command is deprecated setup.py egg_info --egg-base ../../build/follower_controller build --build-base /root/robot_ws/build/follower_controller/build install --record /root/robot_ws/build/follower_controller/install.log --single-version-externally-managed install_data
