[1.492s] Invoking command in '/root/robot_ws/src/follower_controller': PYTHONPATH=/root/robot_ws/build/follower_controller/prefix_override:/usr/lib/python3/dist-packages/colcon_core/task/python/colcon_distutils_commands:/root/robot_ws/install/follower_controller/lib/python3.12/site-packages:${PYTHONPATH} /usr/bin/python3 -W ignore:setup.py install is deprecated -W ignore:easy_install command is deprecated setup.py egg_info --egg-base ../../build/follower_controller build --build-base /root/robot_ws/build/follower_controller/build install --record /root/robot_ws/build/follower_controller/install.log --single-version-externally-managed install_data
[1.945s] running egg_info
[1.978s] writing ../../build/follower_controller/follower_controller.egg-info/PKG-INFO
[1.979s] writing dependency_links to ../../build/follower_controller/follower_controller.egg-info/dependency_links.txt
[1.979s] writing entry points to ../../build/follower_controller/follower_controller.egg-info/entry_points.txt
[1.980s] writing requirements to ../../build/follower_controller/follower_controller.egg-info/requires.txt
[1.980s] writing top-level names to ../../build/follower_controller/follower_controller.egg-info/top_level.txt
[2.047s] reading manifest file '../../build/follower_controller/follower_controller.egg-info/SOURCES.txt'
[2.048s] writing manifest file '../../build/follower_controller/follower_controller.egg-info/SOURCES.txt'
[2.049s] running build
[2.049s] running build_py
[2.049s] copying follower_controller/follower_node.py -> /root/robot_ws/build/follower_controller/build/lib/follower_controller
[2.050s] running install
[2.063s] running install_lib
[2.097s] copying /root/robot_ws/build/follower_controller/build/lib/follower_controller/follower_node.py -> /root/robot_ws/install/follower_controller/lib/python3.12/site-packages/follower_controller
[2.099s] byte-compiling /root/robot_ws/install/follower_controller/lib/python3.12/site-packages/follower_controller/follower_node.py to follower_node.cpython-312.pyc
[2.109s] running install_data
[2.110s] running install_egg_info
[2.154s] removing '/root/robot_ws/install/follower_controller/lib/python3.12/site-packages/follower_controller-0.0.0-py3.12.egg-info' (and everything under it)
[2.155s] Copying ../../build/follower_controller/follower_controller.egg-info to /root/robot_ws/install/follower_controller/lib/python3.12/site-packages/follower_controller-0.0.0-py3.12.egg-info
[2.157s] running install_scripts
[2.406s] Installing cmd_vel_relay_node script to /root/robot_ws/install/follower_controller/lib/follower_controller
[2.407s] Installing follower_node script to /root/robot_ws/install/follower_controller/lib/follower_controller
[2.407s] Installing topic_relay_node script to /root/robot_ws/install/follower_controller/lib/follower_controller
[2.407s] writing list of installed files to '/root/robot_ws/build/follower_controller/install.log'
[2.458s] Invoked command in '/root/robot_ws/src/follower_controller' returned '0': PYTHONPATH=/root/robot_ws/build/follower_controller/prefix_override:/usr/lib/python3/dist-packages/colcon_core/task/python/colcon_distutils_commands:/root/robot_ws/install/follower_controller/lib/python3.12/site-packages:${PYTHONPATH} /usr/bin/python3 -W ignore:setup.py install is deprecated -W ignore:easy_install command is deprecated setup.py egg_info --egg-base ../../build/follower_controller build --build-base /root/robot_ws/build/follower_controller/build install --record /root/robot_ws/build/follower_controller/install.log --single-version-externally-managed install_data
