[1.437s] Invoking command in '/root/robot_ws/src/follower_controller': PYTHONPATH=/root/robot_ws/build/follower_controller/prefix_override:/usr/lib/python3/dist-packages/colcon_core/task/python/colcon_distutils_commands:/root/robot_ws/install/follower_controller/lib/python3.12/site-packages: /usr/bin/python3 -W ignore:setup.py install is deprecated -W ignore:easy_install command is deprecated setup.py egg_info --egg-base ../../build/follower_controller build --build-base /root/robot_ws/build/follower_controller/build install --record /root/robot_ws/build/follower_controller/install.log --single-version-externally-managed install_data
[1.893s] running egg_info
[1.907s] writing ../../build/follower_controller/follower_controller.egg-info/PKG-INFO
[1.908s] writing dependency_links to ../../build/follower_controller/follower_controller.egg-info/dependency_links.txt
[1.908s] writing entry points to ../../build/follower_controller/follower_controller.egg-info/entry_points.txt
[1.908s] writing requirements to ../../build/follower_controller/follower_controller.egg-info/requires.txt
[1.909s] writing top-level names to ../../build/follower_controller/follower_controller.egg-info/top_level.txt
[1.948s] reading manifest file '../../build/follower_controller/follower_controller.egg-info/SOURCES.txt'
[1.951s] writing manifest file '../../build/follower_controller/follower_controller.egg-info/SOURCES.txt'
[1.952s] running build
[1.952s] running build_py
[1.953s] copying follower_controller/follower_node.py -> /root/robot_ws/build/follower_controller/build/lib/follower_controller
[1.954s] running install
[1.970s] running install_lib
[1.992s] copying /root/robot_ws/build/follower_controller/build/lib/follower_controller/follower_node.py -> /root/robot_ws/install/follower_controller/lib/python3.12/site-packages/follower_controller
[1.993s] byte-compiling /root/robot_ws/install/follower_controller/lib/python3.12/site-packages/follower_controller/follower_node.py to follower_node.cpython-312.pyc
[2.004s] running install_data
[2.004s] running install_egg_info
[2.024s] removing '/root/robot_ws/install/follower_controller/lib/python3.12/site-packages/follower_controller-0.0.0-py3.12.egg-info' (and everything under it)
[2.025s] Copying ../../build/follower_controller/follower_controller.egg-info to /root/robot_ws/install/follower_controller/lib/python3.12/site-packages/follower_controller-0.0.0-py3.12.egg-info
[2.027s] running install_scripts
[2.190s] Installing cmd_vel_relay_node script to /root/robot_ws/install/follower_controller/lib/follower_controller
[2.190s] Installing follower_node script to /root/robot_ws/install/follower_controller/lib/follower_controller
[2.191s] Installing topic_relay_node script to /root/robot_ws/install/follower_controller/lib/follower_controller
[2.192s] writing list of installed files to '/root/robot_ws/build/follower_controller/install.log'
[2.253s] Invoked command in '/root/robot_ws/src/follower_controller' returned '0': PYTHONPATH=/root/robot_ws/build/follower_controller/prefix_override:/usr/lib/python3/dist-packages/colcon_core/task/python/colcon_distutils_commands:/root/robot_ws/install/follower_controller/lib/python3.12/site-packages: /usr/bin/python3 -W ignore:setup.py install is deprecated -W ignore:easy_install command is deprecated setup.py egg_info --egg-base ../../build/follower_controller build --build-base /root/robot_ws/build/follower_controller/build install --record /root/robot_ws/build/follower_controller/install.log --single-version-externally-managed install_data
