/root/robot_ws/install/follower_controller/lib/python3.12/site-packages/follower_controller/cmd_vel_relay_node.py
/root/robot_ws/install/follower_controller/lib/python3.12/site-packages/follower_controller/follower_node.py
/root/robot_ws/install/follower_controller/lib/python3.12/site-packages/follower_controller/topic_relay_node.py
/root/robot_ws/install/follower_controller/lib/python3.12/site-packages/follower_controller/__init__.py
/root/robot_ws/install/follower_controller/lib/python3.12/site-packages/follower_controller/__pycache__/cmd_vel_relay_node.cpython-312.pyc
/root/robot_ws/install/follower_controller/lib/python3.12/site-packages/follower_controller/__pycache__/follower_node.cpython-312.pyc
/root/robot_ws/install/follower_controller/lib/python3.12/site-packages/follower_controller/__pycache__/topic_relay_node.cpython-312.pyc
/root/robot_ws/install/follower_controller/lib/python3.12/site-packages/follower_controller/__pycache__/__init__.cpython-312.pyc
/root/robot_ws/install/follower_controller/share/ament_index/resource_index/packages/follower_controller
/root/robot_ws/install/follower_controller/share/follower_controller/package.xml
/root/robot_ws/install/follower_controller/share/follower_controller/launch/controller_with_relay.launch.py
/root/robot_ws/install/follower_controller/share/follower_controller/launch/multi_robot.launch.py
/root/robot_ws/install/follower_controller/share/follower_controller/launch/original_workflow.launch.py
/root/robot_ws/install/follower_controller/share/follower_controller/launch/follower_test.launch.py
/root/robot_ws/install/follower_controller/share/follower_controller/launch/real_multi_robot.launch.py
/root/robot_ws/install/follower_controller/lib/python3.12/site-packages/follower_controller-0.0.0-py3.12.egg-info/SOURCES.txt
/root/robot_ws/install/follower_controller/lib/python3.12/site-packages/follower_controller-0.0.0-py3.12.egg-info/requires.txt
/root/robot_ws/install/follower_controller/lib/python3.12/site-packages/follower_controller-0.0.0-py3.12.egg-info/PKG-INFO
/root/robot_ws/install/follower_controller/lib/python3.12/site-packages/follower_controller-0.0.0-py3.12.egg-info/entry_points.txt
/root/robot_ws/install/follower_controller/lib/python3.12/site-packages/follower_controller-0.0.0-py3.12.egg-info/top_level.txt
/root/robot_ws/install/follower_controller/lib/python3.12/site-packages/follower_controller-0.0.0-py3.12.egg-info/zip-safe
/root/robot_ws/install/follower_controller/lib/python3.12/site-packages/follower_controller-0.0.0-py3.12.egg-info/dependency_links.txt
/root/robot_ws/install/follower_controller/lib/follower_controller/cmd_vel_relay_node
/root/robot_ws/install/follower_controller/lib/follower_controller/follower_node
/root/robot_ws/install/follower_controller/lib/follower_controller/topic_relay_node
