[1.898s] Invoking command in '/root/robot_ws/src/follower_controller': PYTHONPATH=/root/robot_ws/build/follower_controller/prefix_override:/usr/lib/python3/dist-packages/colcon_core/task/python/colcon_distutils_commands:/root/robot_ws/install/follower_controller/lib/python3.12/site-packages: /usr/bin/python3 -W ignore:setup.py install is deprecated -W ignore:easy_install command is deprecated setup.py egg_info --egg-base ../../build/follower_controller build --build-base /root/robot_ws/build/follower_controller/build install --record /root/robot_ws/build/follower_controller/install.log --single-version-externally-managed install_data
[2.336s] running egg_info
[2.353s] writing ../../build/follower_controller/follower_controller.egg-info/PKG-INFO
[2.354s] writing dependency_links to ../../build/follower_controller/follower_controller.egg-info/dependency_links.txt
[2.354s] writing entry points to ../../build/follower_controller/follower_controller.egg-info/entry_points.txt
[2.355s] writing requirements to ../../build/follower_controller/follower_controller.egg-info/requires.txt
[2.355s] writing top-level names to ../../build/follower_controller/follower_controller.egg-info/top_level.txt
[2.392s] reading manifest file '../../build/follower_controller/follower_controller.egg-info/SOURCES.txt'
[2.394s] writing manifest file '../../build/follower_controller/follower_controller.egg-info/SOURCES.txt'
[2.394s] running build
[2.395s] running build_py
[2.395s] copying follower_controller/follower_node.py -> /root/robot_ws/build/follower_controller/build/lib/follower_controller
[2.396s] running install
[2.412s] running install_lib
[2.434s] copying /root/robot_ws/build/follower_controller/build/lib/follower_controller/follower_node.py -> /root/robot_ws/install/follower_controller/lib/python3.12/site-packages/follower_controller
[2.436s] byte-compiling /root/robot_ws/install/follower_controller/lib/python3.12/site-packages/follower_controller/follower_node.py to follower_node.cpython-312.pyc
[2.451s] running install_data
[2.451s] running install_egg_info
[2.471s] removing '/root/robot_ws/install/follower_controller/lib/python3.12/site-packages/follower_controller-0.0.0-py3.12.egg-info' (and everything under it)
[2.471s] Copying ../../build/follower_controller/follower_controller.egg-info to /root/robot_ws/install/follower_controller/lib/python3.12/site-packages/follower_controller-0.0.0-py3.12.egg-info
[2.473s] running install_scripts
[2.680s] Installing cmd_vel_relay_node script to /root/robot_ws/install/follower_controller/lib/follower_controller
[2.680s] Installing follower_node script to /root/robot_ws/install/follower_controller/lib/follower_controller
[2.680s] Installing topic_relay_node script to /root/robot_ws/install/follower_controller/lib/follower_controller
[2.681s] writing list of installed files to '/root/robot_ws/build/follower_controller/install.log'
[2.738s] Invoked command in '/root/robot_ws/src/follower_controller' returned '0': PYTHONPATH=/root/robot_ws/build/follower_controller/prefix_override:/usr/lib/python3/dist-packages/colcon_core/task/python/colcon_distutils_commands:/root/robot_ws/install/follower_controller/lib/python3.12/site-packages: /usr/bin/python3 -W ignore:setup.py install is deprecated -W ignore:easy_install command is deprecated setup.py egg_info --egg-base ../../build/follower_controller build --build-base /root/robot_ws/build/follower_controller/build install --record /root/robot_ws/build/follower_controller/install.log --single-version-externally-managed install_data
