running egg_info
creating ../../build/follower_controller/follower_controller.egg-info
writing ../../build/follower_controller/follower_controller.egg-info/PKG-INFO
writing dependency_links to ../../build/follower_controller/follower_controller.egg-info/dependency_links.txt
writing entry points to ../../build/follower_controller/follower_controller.egg-info/entry_points.txt
writing requirements to ../../build/follower_controller/follower_controller.egg-info/requires.txt
writing top-level names to ../../build/follower_controller/follower_controller.egg-info/top_level.txt
writing manifest file '../../build/follower_controller/follower_controller.egg-info/SOURCES.txt'
reading manifest file '../../build/follower_controller/follower_controller.egg-info/SOURCES.txt'
writing manifest file '../../build/follower_controller/follower_controller.egg-info/SOURCES.txt'
running build
running build_py
creating /root/robot_ws/build/follower_controller/build
creating /root/robot_ws/build/follower_controller/build/lib
creating /root/robot_ws/build/follower_controller/build/lib/follower_controller
copying follower_controller/cmd_vel_relay_node.py -> /root/robot_ws/build/follower_controller/build/lib/follower_controller
copying follower_controller/follower_node.py -> /root/robot_ws/build/follower_controller/build/lib/follower_controller
copying follower_controller/topic_relay_node.py -> /root/robot_ws/build/follower_controller/build/lib/follower_controller
copying follower_controller/__init__.py -> /root/robot_ws/build/follower_controller/build/lib/follower_controller
running install
running install_lib
creating /root/robot_ws/install/follower_controller/lib/python3.12/site-packages/follower_controller
copying /root/robot_ws/build/follower_controller/build/lib/follower_controller/cmd_vel_relay_node.py -> /root/robot_ws/install/follower_controller/lib/python3.12/site-packages/follower_controller
copying /root/robot_ws/build/follower_controller/build/lib/follower_controller/follower_node.py -> /root/robot_ws/install/follower_controller/lib/python3.12/site-packages/follower_controller
copying /root/robot_ws/build/follower_controller/build/lib/follower_controller/topic_relay_node.py -> /root/robot_ws/install/follower_controller/lib/python3.12/site-packages/follower_controller
copying /root/robot_ws/build/follower_controller/build/lib/follower_controller/__init__.py -> /root/robot_ws/install/follower_controller/lib/python3.12/site-packages/follower_controller
byte-compiling /root/robot_ws/install/follower_controller/lib/python3.12/site-packages/follower_controller/cmd_vel_relay_node.py to cmd_vel_relay_node.cpython-312.pyc
byte-compiling /root/robot_ws/install/follower_controller/lib/python3.12/site-packages/follower_controller/follower_node.py to follower_node.cpython-312.pyc
byte-compiling /root/robot_ws/install/follower_controller/lib/python3.12/site-packages/follower_controller/topic_relay_node.py to topic_relay_node.cpython-312.pyc
byte-compiling /root/robot_ws/install/follower_controller/lib/python3.12/site-packages/follower_controller/__init__.py to __init__.cpython-312.pyc
running install_data
creating /root/robot_ws/install/follower_controller/share/ament_index
creating /root/robot_ws/install/follower_controller/share/ament_index/resource_index
creating /root/robot_ws/install/follower_controller/share/ament_index/resource_index/packages
copying resource/follower_controller -> /root/robot_ws/install/follower_controller/share/ament_index/resource_index/packages
copying package.xml -> /root/robot_ws/install/follower_controller/share/follower_controller
creating /root/robot_ws/install/follower_controller/share/follower_controller/launch
copying launch/controller_with_relay.launch.py -> /root/robot_ws/install/follower_controller/share/follower_controller/launch
copying launch/multi_robot.launch.py -> /root/robot_ws/install/follower_controller/share/follower_controller/launch
copying launch/original_workflow.launch.py -> /root/robot_ws/install/follower_controller/share/follower_controller/launch
copying launch/follower_test.launch.py -> /root/robot_ws/install/follower_controller/share/follower_controller/launch
copying launch/real_multi_robot.launch.py -> /root/robot_ws/install/follower_controller/share/follower_controller/launch
running install_egg_info
Copying ../../build/follower_controller/follower_controller.egg-info to /root/robot_ws/install/follower_controller/lib/python3.12/site-packages/follower_controller-0.0.0-py3.12.egg-info
running install_scripts
Installing cmd_vel_relay_node script to /root/robot_ws/install/follower_controller/lib/follower_controller
Installing follower_node script to /root/robot_ws/install/follower_controller/lib/follower_controller
Installing topic_relay_node script to /root/robot_ws/install/follower_controller/lib/follower_controller
writing list of installed files to '/root/robot_ws/build/follower_controller/install.log'
