[1.759s] Invoking command in '/root/robot_ws/src/follower_controller': PYTHONPATH=/root/robot_ws/build/follower_controller/prefix_override:/usr/lib/python3/dist-packages/colcon_core/task/python/colcon_distutils_commands:/root/robot_ws/install/follower_controller/lib/python3.12/site-packages:${PYTHONPATH} /usr/bin/python3 -W ignore:setup.py install is deprecated -W ignore:easy_install command is deprecated setup.py egg_info --egg-base ../../build/follower_controller build --build-base /root/robot_ws/build/follower_controller/build install --record /root/robot_ws/build/follower_controller/install.log --single-version-externally-managed install_data
[2.110s] running egg_info
[2.116s] creating ../../build/follower_controller/follower_controller.egg-info
[2.133s] writing ../../build/follower_controller/follower_controller.egg-info/PKG-INFO
[2.133s] writing dependency_links to ../../build/follower_controller/follower_controller.egg-info/dependency_links.txt
[2.134s] writing entry points to ../../build/follower_controller/follower_controller.egg-info/entry_points.txt
[2.134s] writing requirements to ../../build/follower_controller/follower_controller.egg-info/requires.txt
[2.134s] writing top-level names to ../../build/follower_controller/follower_controller.egg-info/top_level.txt
[2.134s] writing manifest file '../../build/follower_controller/follower_controller.egg-info/SOURCES.txt'
[2.172s] reading manifest file '../../build/follower_controller/follower_controller.egg-info/SOURCES.txt'
[2.173s] writing manifest file '../../build/follower_controller/follower_controller.egg-info/SOURCES.txt'
[2.173s] running build
[2.174s] running build_py
[2.174s] creating /root/robot_ws/build/follower_controller/build
[2.174s] creating /root/robot_ws/build/follower_controller/build/lib
[2.174s] creating /root/robot_ws/build/follower_controller/build/lib/follower_controller
[2.174s] copying follower_controller/cmd_vel_relay_node.py -> /root/robot_ws/build/follower_controller/build/lib/follower_controller
[2.174s] copying follower_controller/follower_node.py -> /root/robot_ws/build/follower_controller/build/lib/follower_controller
[2.175s] copying follower_controller/topic_relay_node.py -> /root/robot_ws/build/follower_controller/build/lib/follower_controller
[2.175s] copying follower_controller/__init__.py -> /root/robot_ws/build/follower_controller/build/lib/follower_controller
[2.176s] running install
[2.183s] running install_lib
[2.201s] creating /root/robot_ws/install/follower_controller/lib/python3.12/site-packages/follower_controller
[2.201s] copying /root/robot_ws/build/follower_controller/build/lib/follower_controller/cmd_vel_relay_node.py -> /root/robot_ws/install/follower_controller/lib/python3.12/site-packages/follower_controller
[2.202s] copying /root/robot_ws/build/follower_controller/build/lib/follower_controller/follower_node.py -> /root/robot_ws/install/follower_controller/lib/python3.12/site-packages/follower_controller
[2.202s] copying /root/robot_ws/build/follower_controller/build/lib/follower_controller/topic_relay_node.py -> /root/robot_ws/install/follower_controller/lib/python3.12/site-packages/follower_controller
[2.202s] copying /root/robot_ws/build/follower_controller/build/lib/follower_controller/__init__.py -> /root/robot_ws/install/follower_controller/lib/python3.12/site-packages/follower_controller
[2.202s] byte-compiling /root/robot_ws/install/follower_controller/lib/python3.12/site-packages/follower_controller/cmd_vel_relay_node.py to cmd_vel_relay_node.cpython-312.pyc
[2.203s] byte-compiling /root/robot_ws/install/follower_controller/lib/python3.12/site-packages/follower_controller/follower_node.py to follower_node.cpython-312.pyc
[2.208s] byte-compiling /root/robot_ws/install/follower_controller/lib/python3.12/site-packages/follower_controller/topic_relay_node.py to topic_relay_node.cpython-312.pyc
[2.208s] byte-compiling /root/robot_ws/install/follower_controller/lib/python3.12/site-packages/follower_controller/__init__.py to __init__.cpython-312.pyc
[2.209s] running install_data
[2.209s] creating /root/robot_ws/install/follower_controller/share/ament_index
[2.209s] creating /root/robot_ws/install/follower_controller/share/ament_index/resource_index
[2.209s] creating /root/robot_ws/install/follower_controller/share/ament_index/resource_index/packages
[2.210s] copying resource/follower_controller -> /root/robot_ws/install/follower_controller/share/ament_index/resource_index/packages
[2.210s] copying package.xml -> /root/robot_ws/install/follower_controller/share/follower_controller
[2.210s] creating /root/robot_ws/install/follower_controller/share/follower_controller/launch
[2.210s] copying launch/controller_with_relay.launch.py -> /root/robot_ws/install/follower_controller/share/follower_controller/launch
[2.210s] copying launch/multi_robot.launch.py -> /root/robot_ws/install/follower_controller/share/follower_controller/launch
[2.210s] copying launch/original_workflow.launch.py -> /root/robot_ws/install/follower_controller/share/follower_controller/launch
[2.210s] copying launch/follower_test.launch.py -> /root/robot_ws/install/follower_controller/share/follower_controller/launch
[2.211s] copying launch/real_multi_robot.launch.py -> /root/robot_ws/install/follower_controller/share/follower_controller/launch
[2.211s] running install_egg_info
[2.237s] Copying ../../build/follower_controller/follower_controller.egg-info to /root/robot_ws/install/follower_controller/lib/python3.12/site-packages/follower_controller-0.0.0-py3.12.egg-info
[2.238s] running install_scripts
[2.398s] Installing cmd_vel_relay_node script to /root/robot_ws/install/follower_controller/lib/follower_controller
[2.398s] Installing follower_node script to /root/robot_ws/install/follower_controller/lib/follower_controller
[2.398s] Installing topic_relay_node script to /root/robot_ws/install/follower_controller/lib/follower_controller
[2.399s] writing list of installed files to '/root/robot_ws/build/follower_controller/install.log'
[2.442s] Invoked command in '/root/robot_ws/src/follower_controller' returned '0': PYTHONPATH=/root/robot_ws/build/follower_controller/prefix_override:/usr/lib/python3/dist-packages/colcon_core/task/python/colcon_distutils_commands:/root/robot_ws/install/follower_controller/lib/python3.12/site-packages:${PYTHONPATH} /usr/bin/python3 -W ignore:setup.py install is deprecated -W ignore:easy_install command is deprecated setup.py egg_info --egg-base ../../build/follower_controller build --build-base /root/robot_ws/build/follower_controller/build install --record /root/robot_ws/build/follower_controller/install.log --single-version-externally-managed install_data
